2026-09-28 05:29:04.121: [INFO] CurrentProfilePath: C:\Users\Aman kumar\Desktop\microservice\kafka-task\.metadata\.plugins\org.eclipse.swt\EBWebView\Default
2026-09-28 05:29:04.121: [INFO] Profiles total count: 1
2026-09-28 05:29:04.121: [INFO] Profile: name=Profile 1 path=C:\Users\Aman kumar\Desktop\microservice\kafka-task\.metadata\.plugins\org.eclipse.swt\EBWebView\Default lastActive=2026-09-28T05:21:35.834Z
2026-09-28 05:29:04.121: [INFO] LastUsedProfileDir: C:\Users\Aman kumar\Desktop\microservice\kafka-task\.metadata\.plugins\org.eclipse.swt\EBWebView\Default
2026-09-28 05:29:04.121: [INFO] MostRecentlyActiveProfile: name=Profile 1 path=C:\Users\Aman kumar\Desktop\microservice\kafka-task\.metadata\.plugins\org.eclipse.swt\EBWebView\Default lastActive=2026-09-28T05:21:35.834Z
2026-09-28 05:29:04.121: [INFO] OnDoneLoading sync enabled: 0
2026-09-28 05:29:04.121: [INFO] BookmarkModelLoaded, ids_reassigned: 0
2026-09-28 05:29:04.121: [INFO] BookmarksLoadDropped droppedNodes=0
2026-09-28 05:29:04.121: [INFO] BookmarksSnapshot Startup total=0 bar=0 other=0 mobile=0 showBar=0 showBarNTP=1
2026-09-28 05:30:44.462: [INFO] BookmarksSnapshot Shutdown total=0 bar=0 other=0 mobile=0 showBar=0 showBarNTP=1
2026-09-28 05:31:52.691: [INFO] CurrentProfilePath: C:\Users\Aman kumar\Desktop\microservice\kafka-task\.metadata\.plugins\org.eclipse.swt\EBWebView\Default
2026-09-28 05:31:52.691: [INFO] Profiles total count: 1
2026-09-28 05:31:52.691: [INFO] Profile: name=Profile 1 path=C:\Users\Aman kumar\Desktop\microservice\kafka-task\.metadata\.plugins\org.eclipse.swt\EBWebView\Default lastActive=2026-09-28T05:21:35.834Z
2026-09-28 05:31:52.691: [INFO] LastUsedProfileDir: C:\Users\Aman kumar\Desktop\microservice\kafka-task\.metadata\.plugins\org.eclipse.swt\EBWebView\Default
2026-09-28 05:31:52.691: [INFO] MostRecentlyActiveProfile: name=Profile 1 path=C:\Users\Aman kumar\Desktop\microservice\kafka-task\.metadata\.plugins\org.eclipse.swt\EBWebView\Default lastActive=2026-09-28T05:21:35.834Z
2026-09-28 05:31:52.691: [INFO] OnDoneLoading sync enabled: 0
2026-09-28 05:31:52.691: [INFO] BookmarkModelLoaded, ids_reassigned: 0
2026-09-28 05:31:52.691: [INFO] BookmarksLoadDropped droppedNodes=0
2026-09-28 05:31:52.691: [INFO] BookmarksSnapshot Startup total=0 bar=0 other=0 mobile=0 showBar=0 showBarNTP=1
2026-09-28 05:34:40.985: [INFO] BookmarksSnapshot Shutdown total=0 bar=0 other=0 mobile=0 showBar=0 showBarNTP=1
2026-09-28 05:34:52.253: [INFO] CurrentProfilePath: C:\Users\Aman kumar\Desktop\microservice\kafka-task\.metadata\.plugins\org.eclipse.swt\EBWebView\Default
2026-09-28 05:34:52.253: [INFO] Profiles total count: 1
2026-09-28 05:34:52.253: [INFO] Profile: name=Profile 1 path=C:\Users\Aman kumar\Desktop\microservice\kafka-task\.metadata\.plugins\org.eclipse.swt\EBWebView\Default lastActive=2026-09-28T05:21:35.834Z
2026-09-28 05:34:52.253: [INFO] LastUsedProfileDir: C:\Users\Aman kumar\Desktop\microservice\kafka-task\.metadata\.plugins\org.eclipse.swt\EBWebView\Default
2026-09-28 05:34:52.253: [INFO] MostRecentlyActiveProfile: name=Profile 1 path=C:\Users\Aman kumar\Desktop\microservice\kafka-task\.metadata\.plugins\org.eclipse.swt\EBWebView\Default lastActive=2026-09-28T05:21:35.834Z
2026-09-28 05:34:52.253: [INFO] OnDoneLoading sync enabled: 0
2026-09-28 05:34:52.253: [INFO] BookmarkModelLoaded, ids_reassigned: 0
2026-09-28 05:34:52.253: [INFO] BookmarksLoadDropped droppedNodes=0
2026-09-28 05:34:52.253: [INFO] BookmarksSnapshot Startup total=0 bar=0 other=0 mobile=0 showBar=0 showBarNTP=1
2026-09-28 05:34:52.682: [INFO] BookmarksSnapshot Shutdown total=0 bar=0 other=0 mobile=0 showBar=0 showBarNTP=1
2026-09-28 05:35:30.121: [INFO] CurrentProfilePath: C:\Users\Aman kumar\Desktop\microservice\kafka-task\.metadata\.plugins\org.eclipse.swt\EBWebView\Default
2026-09-28 05:35:30.121: [INFO] Profiles total count: 1
2026-09-28 05:35:30.121: [INFO] Profile: name=Profile 1 path=C:\Users\Aman kumar\Desktop\microservice\kafka-task\.metadata\.plugins\org.eclipse.swt\EBWebView\Default lastActive=2026-09-28T05:21:35.834Z
2026-09-28 05:35:30.121: [INFO] LastUsedProfileDir: C:\Users\Aman kumar\Desktop\microservice\kafka-task\.metadata\.plugins\org.eclipse.swt\EBWebView\Default
2026-09-28 05:35:30.121: [INFO] MostRecentlyActiveProfile: name=Profile 1 path=C:\Users\Aman kumar\Desktop\microservice\kafka-task\.metadata\.plugins\org.eclipse.swt\EBWebView\Default lastActive=2026-09-28T05:21:35.834Z
2026-09-28 05:35:30.121: [INFO] OnDoneLoading sync enabled: 0
2026-09-28 05:35:30.121: [INFO] BookmarkModelLoaded, ids_reassigned: 0
2026-09-28 05:35:30.121: [INFO] BookmarksLoadDropped droppedNodes=0
2026-09-28 05:35:30.121: [INFO] BookmarksSnapshot Startup total=0 bar=0 other=0 mobile=0 showBar=0 showBarNTP=1
2026-09-28 05:35:36.499: [INFO] BookmarksSnapshot Shutdown total=0 bar=0 other=0 mobile=0 showBar=0 showBarNTP=1
2026-09-28 05:39:35.584: [INFO] CurrentProfilePath: C:\Users\Aman kumar\Desktop\microservice\kafka-task\.metadata\.plugins\org.eclipse.swt\EBWebView\Default
2026-09-28 05:39:35.584: [INFO] Profiles total count: 1
2026-09-28 05:39:35.584: [INFO] Profile: name=Profile 1 path=C:\Users\Aman kumar\Desktop\microservice\kafka-task\.metadata\.plugins\org.eclipse.swt\EBWebView\Default lastActive=2026-09-28T05:21:35.834Z
2026-09-28 05:39:35.584: [INFO] LastUsedProfileDir: C:\Users\Aman kumar\Desktop\microservice\kafka-task\.metadata\.plugins\org.eclipse.swt\EBWebView\Default
2026-09-28 05:39:35.584: [INFO] MostRecentlyActiveProfile: name=Profile 1 path=C:\Users\Aman kumar\Desktop\microservice\kafka-task\.metadata\.plugins\org.eclipse.swt\EBWebView\Default lastActive=2026-09-28T05:21:35.834Z
2026-09-28 05:39:35.584: [INFO] OnDoneLoading sync enabled: 0
2026-09-28 05:39:35.584: [INFO] BookmarkModelLoaded, ids_reassigned: 0
2026-09-28 05:39:35.584: [INFO] BookmarksLoadDropped droppedNodes=0
2026-09-28 05:39:35.584: [INFO] BookmarksSnapshot Startup total=0 bar=0 other=0 mobile=0 showBar=0 showBarNTP=1
2026-09-28 06:52:29.777: [INFO] BookmarksSnapshot Shutdown total=0 bar=0 other=0 mobile=0 showBar=0 showBarNTP=1
